// Jest Snapshot v1, https://goo.gl/fbAQLP

exports[`Header Menu Lang Component renders and create snapshot <Content /> 1`] = `
.c0 {
  background-color: #f7f7f7;
  display: -webkit-box;
  display: -webkit-flex;
  display: -ms-flexbox;
  display: flex;
  -webkit-flex-direction: column;
  -ms-flex-direction: column;
  flex-direction: column;
  margin: 0;
  padding: 0 15px;
  width: 100%;
}

<div
  className="c0"
  data-test="content-test-wrapper"
/>
`;
