// Jest Snapshot v1, https://goo.gl/fbAQLP

exports[`Hero Banner Component renders and create snapshot <HeroBanner /> 1`] = `undefined`;
